
Memory Configuration

Name             Origin             Length             Attributes
flash            0x08000000         0x00020000         xr
sram             0x20000000         0x00005000         xrw
*default*        0x00000000         0xffffffff

Linker script and memory map


.text           0x08000000      0x188
 *(.Vectors*)
 .Vectors       0x08000000       0x1c startup.o
                0x08000000                Vectors
 *(.text*)
 .text          0x0800001c       0xb0 app.o
                0x0800001c                main
 .text          0x080000cc       0xbc startup.o
                0x080000cc                Bus_fault
                0x080000cc                MM_fault_Handler
                0x080000cc                Usage_fault_Handler
                0x080000cc                H_fault_Handler
                0x080000cc                Default_Handler
                0x080000cc                NMI_Handler
                0x080000d8                Reset_Handler
 *(.rodata*)
                0x08000188                _E_text = .

.glue_7         0x08000188        0x0
 .glue_7        0x00000000        0x0 linker stubs

.glue_7t        0x08000188        0x0
 .glue_7t       0x00000000        0x0 linker stubs

.vfp11_veneer   0x08000188        0x0
 .vfp11_veneer  0x00000000        0x0 linker stubs

.v4_bx          0x08000188        0x0
 .v4_bx         0x00000000        0x0 linker stubs

.iplt           0x08000188        0x0
 .iplt          0x00000000        0x0 app.o

.rel.dyn        0x08000188        0x0
 .rel.iplt      0x00000000        0x0 app.o

.data           0x20000000        0x4 load address 0x08000188
                0x20000000                _S_DATA = .
 *(.data*)
 .data          0x20000000        0x4 app.o
                0x20000000                R_ODR
 .data          0x20000004        0x0 startup.o
                0x20000004                . = ALIGN (0x4)
                0x20000004                _E_DATA = .

.igot.plt       0x20000004        0x0 load address 0x0800018c
 .igot.plt      0x00000000        0x0 app.o

.bss            0x20000004     0x1000 load address 0x0800018c
                0x20000004                _S_bss = .
 *(.bss*)
 .bss           0x20000004        0x0 app.o
 .bss           0x20000004        0x0 startup.o
                0x20000004                . = ALIGN (0x4)
                0x20000004                _E_bss = .
                0x20001004                . = (. + 0x1000)
 *fill*         0x20000004     0x1000 
                0x20001004                _stack_top = .
LOAD app.o
LOAD startup.o
OUTPUT(learn_in_depth.elf elf32-littlearm)

.debug_info     0x00000000      0x283
 .debug_info    0x00000000      0x11f app.o
 .debug_info    0x0000011f      0x164 startup.o

.debug_abbrev   0x00000000      0x17f
 .debug_abbrev  0x00000000       0xca app.o
 .debug_abbrev  0x000000ca       0xb5 startup.o

.debug_loc      0x00000000       0x9c
 .debug_loc     0x00000000       0x38 app.o
 .debug_loc     0x00000038       0x64 startup.o

.debug_aranges  0x00000000       0x40
 .debug_aranges
                0x00000000       0x20 app.o
 .debug_aranges
                0x00000020       0x20 startup.o

.debug_line     0x00000000       0xcb
 .debug_line    0x00000000       0x64 app.o
 .debug_line    0x00000064       0x67 startup.o

.debug_str      0x00000000      0x159
 .debug_str     0x00000000       0xd0 app.o
                                 0xe9 (size before relaxing)
 .debug_str     0x000000d0       0x89 startup.o
                                0x146 (size before relaxing)

.comment        0x00000000       0x11
 .comment       0x00000000       0x11 app.o
                                 0x12 (size before relaxing)
 .comment       0x00000000       0x12 startup.o

.ARM.attributes
                0x00000000       0x33
 .ARM.attributes
                0x00000000       0x33 app.o
 .ARM.attributes
                0x00000033       0x33 startup.o

.debug_frame    0x00000000       0x78
 .debug_frame   0x00000000       0x2c app.o
 .debug_frame   0x0000002c       0x4c startup.o
