Archive member included to satisfy reference by file (symbol)

c:/st/stm32cubeide_1.4.0/stm32cubeide/plugins/com.st.stm32cube.ide.mcu.externaltools.gnu-tools-for-stm32.10.3-2021.10.win32_1.0.0.202111181127/tools/bin/../lib/gcc/arm-none-eabi/10.3.1/../../../../arm-none-eabi/lib/thumb/v7-m/nofp\libc_nano.a(lib_a-errno.o)
                              ./Src/syscalls.o (__errno)
c:/st/stm32cubeide_1.4.0/stm32cubeide/plugins/com.st.stm32cube.ide.mcu.externaltools.gnu-tools-for-stm32.10.3-2021.10.win32_1.0.0.202111181127/tools/bin/../lib/gcc/arm-none-eabi/10.3.1/../../../../arm-none-eabi/lib/thumb/v7-m/nofp\libc_nano.a(lib_a-exit.o)
                              c:/st/stm32cubeide_1.4.0/stm32cubeide/plugins/com.st.stm32cube.ide.mcu.externaltools.gnu-tools-for-stm32.10.3-2021.10.win32_1.0.0.202111181127/tools/bin/../lib/gcc/arm-none-eabi/10.3.1/../../../../arm-none-eabi/lib/thumb/v7-m/nofp/crt0.o (exit)
c:/st/stm32cubeide_1.4.0/stm32cubeide/plugins/com.st.stm32cube.ide.mcu.externaltools.gnu-tools-for-stm32.10.3-2021.10.win32_1.0.0.202111181127/tools/bin/../lib/gcc/arm-none-eabi/10.3.1/../../../../arm-none-eabi/lib/thumb/v7-m/nofp\libc_nano.a(lib_a-impure.o)
                              c:/st/stm32cubeide_1.4.0/stm32cubeide/plugins/com.st.stm32cube.ide.mcu.externaltools.gnu-tools-for-stm32.10.3-2021.10.win32_1.0.0.202111181127/tools/bin/../lib/gcc/arm-none-eabi/10.3.1/../../../../arm-none-eabi/lib/thumb/v7-m/nofp\libc_nano.a(lib_a-exit.o) (_global_impure_ptr)
c:/st/stm32cubeide_1.4.0/stm32cubeide/plugins/com.st.stm32cube.ide.mcu.externaltools.gnu-tools-for-stm32.10.3-2021.10.win32_1.0.0.202111181127/tools/bin/../lib/gcc/arm-none-eabi/10.3.1/../../../../arm-none-eabi/lib/thumb/v7-m/nofp\libc_nano.a(lib_a-init.o)
                              c:/st/stm32cubeide_1.4.0/stm32cubeide/plugins/com.st.stm32cube.ide.mcu.externaltools.gnu-tools-for-stm32.10.3-2021.10.win32_1.0.0.202111181127/tools/bin/../lib/gcc/arm-none-eabi/10.3.1/../../../../arm-none-eabi/lib/thumb/v7-m/nofp/crt0.o (__libc_init_array)
c:/st/stm32cubeide_1.4.0/stm32cubeide/plugins/com.st.stm32cube.ide.mcu.externaltools.gnu-tools-for-stm32.10.3-2021.10.win32_1.0.0.202111181127/tools/bin/../lib/gcc/arm-none-eabi/10.3.1/../../../../arm-none-eabi/lib/thumb/v7-m/nofp\libc_nano.a(lib_a-memset.o)
                              c:/st/stm32cubeide_1.4.0/stm32cubeide/plugins/com.st.stm32cube.ide.mcu.externaltools.gnu-tools-for-stm32.10.3-2021.10.win32_1.0.0.202111181127/tools/bin/../lib/gcc/arm-none-eabi/10.3.1/../../../../arm-none-eabi/lib/thumb/v7-m/nofp/crt0.o (memset)
c:/st/stm32cubeide_1.4.0/stm32cubeide/plugins/com.st.stm32cube.ide.mcu.externaltools.gnu-tools-for-stm32.10.3-2021.10.win32_1.0.0.202111181127/tools/bin/../lib/gcc/arm-none-eabi/10.3.1/../../../../arm-none-eabi/lib/thumb/v7-m/nofp\libc_nano.a(lib_a-sprintf.o)
                              ./HAL/LCD_DRIVER/LCD_DRIVER.o (sprintf)
c:/st/stm32cubeide_1.4.0/stm32cubeide/plugins/com.st.stm32cube.ide.mcu.externaltools.gnu-tools-for-stm32.10.3-2021.10.win32_1.0.0.202111181127/tools/bin/../lib/gcc/arm-none-eabi/10.3.1/../../../../arm-none-eabi/lib/thumb/v7-m/nofp\libc_nano.a(lib_a-nano-svfprintf.o)
                              c:/st/stm32cubeide_1.4.0/stm32cubeide/plugins/com.st.stm32cube.ide.mcu.externaltools.gnu-tools-for-stm32.10.3-2021.10.win32_1.0.0.202111181127/tools/bin/../lib/gcc/arm-none-eabi/10.3.1/../../../../arm-none-eabi/lib/thumb/v7-m/nofp\libc_nano.a(lib_a-sprintf.o) (_svfprintf_r)
c:/st/stm32cubeide_1.4.0/stm32cubeide/plugins/com.st.stm32cube.ide.mcu.externaltools.gnu-tools-for-stm32.10.3-2021.10.win32_1.0.0.202111181127/tools/bin/../lib/gcc/arm-none-eabi/10.3.1/../../../../arm-none-eabi/lib/thumb/v7-m/nofp\libc_nano.a(lib_a-nano-vfprintf_i.o)
                              c:/st/stm32cubeide_1.4.0/stm32cubeide/plugins/com.st.stm32cube.ide.mcu.externaltools.gnu-tools-for-stm32.10.3-2021.10.win32_1.0.0.202111181127/tools/bin/../lib/gcc/arm-none-eabi/10.3.1/../../../../arm-none-eabi/lib/thumb/v7-m/nofp\libc_nano.a(lib_a-nano-svfprintf.o) (_printf_i)
c:/st/stm32cubeide_1.4.0/stm32cubeide/plugins/com.st.stm32cube.ide.mcu.externaltools.gnu-tools-for-stm32.10.3-2021.10.win32_1.0.0.202111181127/tools/bin/../lib/gcc/arm-none-eabi/10.3.1/../../../../arm-none-eabi/lib/thumb/v7-m/nofp\libc_nano.a(lib_a-memchr-stub.o)
                              c:/st/stm32cubeide_1.4.0/stm32cubeide/plugins/com.st.stm32cube.ide.mcu.externaltools.gnu-tools-for-stm32.10.3-2021.10.win32_1.0.0.202111181127/tools/bin/../lib/gcc/arm-none-eabi/10.3.1/../../../../arm-none-eabi/lib/thumb/v7-m/nofp\libc_nano.a(lib_a-nano-svfprintf.o) (memchr)
c:/st/stm32cubeide_1.4.0/stm32cubeide/plugins/com.st.stm32cube.ide.mcu.externaltools.gnu-tools-for-stm32.10.3-2021.10.win32_1.0.0.202111181127/tools/bin/../lib/gcc/arm-none-eabi/10.3.1/../../../../arm-none-eabi/lib/thumb/v7-m/nofp\libc_nano.a(lib_a-memcpy-stub.o)
[...]
Memory Configuration

Name             Origin             Length             Attributes
RAM              0x0000000020000000 0x0000000000002800 xrw
FLASH            0x0000000008000000 0x0000000000008000 xr
*default*        0x0000000000000000 0xffffffffffffffff

Linker script and memory map

LOAD c:/st/stm32cubeide_1.4.0/stm32cubeide/plugins/com.st.stm32cube.ide.mcu.externaltools.gnu-tools-for-stm32.10.3-2021.10.win32_1.0.0.202111181127/tools/bin/../lib/gcc/arm-none-eabi/10.3.1/thumb/v7-m/nofp/crti.o
LOAD c:/st/stm32cubeide_1.4.0/stm32cubeide/plugins/com.st.stm32cube.ide.mcu.externaltools.gnu-tools-for-stm32.10.3-2021.10.win32_1.0.0.202111181127/tools/bin/../lib/gcc/arm-none-eabi/10.3.1/thumb/v7-m/nofp/crtbegin.o
LOAD c:/st/stm32cubeide_1.4.0/stm32cubeide/plugins/com.st.stm32cube.ide.mcu.externaltools.gnu-tools-for-stm32.10.3-2021.10.win32_1.0.0.202111181127/tools/bin/../lib/gcc/arm-none-eabi/10.3.1/../../../../arm-none-eabi/lib/thumb/v7-m/nofp/crt0.o
LOAD ./HAL/KEYPAD_DRIVER/KEYPAD_DRIVER.o
LOAD ./HAL/LCD_DRIVER/LCD_DRIVER.o
LOAD ./STM32F103C6/GPIO.o
LOAD ./Src/main.o
LOAD ./Src/syscalls.o
LOAD ./Src/sysmem.o
LOAD ./Startup/startup_stm32f103c6tx.o
START GROUP
LOAD c:/st/stm32cubeide_1.4.0/stm32cubeide/plugins/com.st.stm32cube.ide.mcu.externaltools.gnu-tools-for-stm32.10.3-2021.10.win32_1.0.0.202111181127/tools/bin/../lib/gcc/arm-none-eabi/10.3.1/../../../../arm-none-eabi/lib/thumb/v7-m/nofp\libc_nano.a
LOAD c:/st/stm32cubeide_1.4.0/stm32cubeide/plugins/com.st.stm32cube.ide.mcu.externaltools.gnu-tools-for-stm32.10.3-2021.10.win32_1.0.0.202111181127/tools/bin/../lib/gcc/arm-none-eabi/10.3.1/../../../../arm-none-eabi/lib/thumb/v7-m/nofp\libm.a
END GROUP
START GROUP
LOAD c:/st/stm32cubeide_1.4.0/stm32cubeide/plugins/com.st.stm32cube.ide.mcu.externaltools.gnu-tools-for-stm32.10.3-2021.10.win32_1.0.0.202111181127/tools/bin/../lib/gcc/arm-none-eabi/10.3.1/thumb/v7-m/nofp\libgcc.a
LOAD c:/st/stm32cubeide_1.4.0/stm32cubeide/plugins/com.st.stm32cube.ide.mcu.externaltools.gnu-tools-for-stm32.10.3-2021.10.win32_1.0.0.202111181127/tools/bin/../lib/gcc/arm-none-eabi/10.3.1/../../../../arm-none-eabi/lib/thumb/v7-m/nofp\libg_nano.a
LOAD c:/st/stm32cubeide_1.4.0/stm32cubeide/plugins/com.st.stm32cube.ide.mcu.externaltools.gnu-tools-for-stm32.10.3-2021.10.win32_1.0.0.202111181127/tools/bin/../lib/gcc/arm-none-eabi/10.3.1/../../../../arm-none-eabi/lib/thumb/v7-m/nofp\libc_nano.a
END GROUP
START GROUP
LOAD c:/st/stm32cubeide_1.4.0/stm32cubeide/plugins/com.st.stm32cube.ide.mcu.externaltools.gnu-tools-for-stm32.10.3-2021.10.win32_1.0.0.202111181127/tools/bin/../lib/gcc/arm-none-eabi/10.3.1/thumb/v7-m/nofp\libgcc.a
LOAD c:/st/stm32cubeide_1.4.0/stm32cubeide/plugins/com.st.stm32cube.ide.mcu.externaltools.gnu-tools-for-stm32.10.3-2021.10.win32_1.0.0.202111181127/tools/bin/../lib/gcc/arm-none-eabi/10.3.1/../../../../arm-none-eabi/lib/thumb/v7-m/nofp\libc_nano.a
LOAD c:/st/stm32cubeide_1.4.0/stm32cubeide/plugins/com.st.stm32cube.ide.mcu.externaltools.gnu-tools-for-stm32.10.3-2021.10.win32_1.0.0.202111181127/tools/bin/../lib/gcc/arm-none-eabi/10.3.1/../../../../arm-none-eabi/lib/thumb/v7-m/nofp\libnosys.a
END GROUP
START GROUP
LOAD c:/st/stm32cubeide_1.4.0/stm32cubeide/plugins/com.st.stm32cube.ide.mcu.externaltools.gnu-tools-for-stm32.10.3-2021.10.win32_1.0.0.202111181127/tools/bin/../lib/gcc/arm-none-eabi/10.3.1/thumb/v7-m/nofp\libgcc.a
LOAD c:/st/stm32cubeide_1.4.0/stm32cubeide/plugins/com.st.stm32cube.ide.mcu.externaltools.gnu-tools-for-stm32.10.3-2021.10.win32_1.0.0.202111181127/tools/bin/../lib/gcc/arm-none-eabi/10.3.1/../../../../arm-none-eabi/lib/thumb/v7-m/nofp\libc_nano.a
LOAD c:/st/stm32cubeide_1.4.0/stm32cubeide/plugins/com.st.stm32cube.ide.mcu.externaltools.gnu-tools-for-stm32.10.3-2021.10.win32_1.0.0.202111181127/tools/bin/../lib/gcc/arm-none-eabi/10.3.1/../../../../arm-none-eabi/lib/thumb/v7-m/nofp\libnosys.a
END GROUP
LOAD c:/st/stm32cubeide_1.4.0/stm32cubeide/plugins/com.st.stm32cube.ide.mcu.externaltools.gnu-tools-for-stm32.10.3-2021.10.win32_1.0.0.202111181127/tools/bin/../lib/gcc/arm-none-eabi/10.3.1/thumb/v7-m/nofp/crtend.o
LOAD c:/st/stm32cubeide_1.4.0/stm32cubeide/plugins/com.st.stm32cube.ide.mcu.externaltools.gnu-tools-for-stm32.10.3-2021.10.win32_1.0.0.202111181127/tools/bin/../lib/gcc/arm-none-eabi/10.3.1/thumb/v7-m/nofp/crtn.o
                0x0000000020002800                _estack = (ORIGIN (RAM) + LENGTH (RAM))
                0x0000000000000200                _Min_Heap_Size = 0x200
                0x0000000000000400                _Min_Stack_Size = 0x400

.isr_vector     0x0000000008000000      0x130
                0x0000000008000000                . = ALIGN (0x4)
 *(.isr_vector)
 .isr_vector    0x0000000008000000      0x130 ./Startup/startup_stm32f103c6tx.o
                0x0000000008000000                g_pfnVectors
                0x0000000008000130                . = ALIGN (0x4)

.text           0x0000000008000130      0x6e4
                0x0000000008000130                . = ALIGN (0x4)
 *(.text)
 .text          0x0000000008000130       0x40 c:/st/stm32cubeide_1.4.0/stm32cubeide/plugins/com.st.stm32cube.ide.mcu.externaltools.gnu-tools-for-stm32.10.3-2021.10.win32_1.0.0.202111181127/tools/bin/../lib/gcc/arm-none-eabi/10.3.1/thumb/v7-m/nofp/crtbegin.o
 *(.text*)
 .text.KEYPAD_INIT
                0x0000000008000170       0x1c ./HAL/KEYPAD_DRIVER/KEYPAD_DRIVER.o
                0x0000000008000170                KEYPAD_INIT
 .text.KEYPAD_GET_CHAR
                0x000000000800018c       0x8c ./HAL/KEYPAD_DRIVER/KEYPAD_DRIVER.o
                0x000000000800018c                KEYPAD_GET_CHAR
 .text.GOTO_XY  0x0000000008000218       0x2e ./HAL/LCD_DRIVER/LCD_DRIVER.o
                0x0000000008000218                GOTO_XY
 *fill*         0x0000000008000246        0x2 
 .text.LCD_INIT
                0x0000000008000248       0x38 ./HAL/LCD_DRIVER/LCD_DRIVER.o
                0x0000000008000248                LCD_INIT
 .text.LCD_WRITE_COMMAND
                0x0000000008000280       0x5c ./HAL/LCD_DRIVER/LCD_DRIVER.o
                0x0000000008000280                LCD_WRITE_COMMAND
 .text.LCD_WRITE_CHAR
                0x00000000080002dc       0xa0 ./HAL/LCD_DRIVER/LCD_DRIVER.o
                0x00000000080002dc                LCD_WRITE_CHAR
 .text.MCAL_GPIO_INIT_PIN
                0x000000000800037c       0xbc ./STM32F103C6/GPIO.o
                0x000000000800037c                MCAL_GPIO_INIT_PIN
 .text.init     0x0000000008000438      0x2b4 ./Src/main.o
                0x0000000008000438                init
 .text.wait_ms  0x00000000080006ec       0x38 ./Src/main.o
                0x00000000080006ec                wait_ms
 .text.main     0x0000000008000724       0x3a ./Src/main.o
                0x0000000008000724                main
 *fill*         0x000000000800075e        0x2 
 .text.Reset_Handler
                0x0000000008000760       0x50 ./Startup/startup_stm32f103c6tx.o
                0x0000000008000760                Reset_Handler
 .text.Default_Handler
                0x00000000080007b0        0x2 ./Startup/startup_stm32f103c6tx.o
                0x00000000080007b0                EXTI2_IRQHandler
                0x00000000080007b0                TIM8_TRG_COM_IRQHandler
                0x00000000080007b0                TIM8_CC_IRQHandler
                0x00000000080007b0                DebugMon_Handler
                0x00000000080007b0                TIM1_CC_IRQHandler
                0x00000000080007b0                HardFault_Handler
                0x00000000080007b0                TIM6_IRQHandler
                0x00000000080007b0                SysTick_Handler
                0x00000000080007b0                PVD_IRQHandler
                0x00000000080007b0                SDIO_IRQHandler
                0x00000000080007b0                PendSV_Handler
                0x00000000080007b0                NMI_Handler
                0x00000000080007b0                EXTI3_IRQHandler
                0x00000000080007b0                USB_HP_CAN_TX_IRQHandler
                0x00000000080007b0                EXTI0_IRQHandler
                0x00000000080007b0                I2C2_EV_IRQHandler
                0x00000000080007b0                UsageFault_Handler
                0x00000000080007b0                ADC1_2_IRQHandler
                0x00000000080007b0                SPI1_IRQHandler
                0x00000000080007b0                CAN_SCE_IRQHandler
                0x00000000080007b0                TAMPER_IRQHandler
                0x00000000080007b0                TIM8_UP_IRQHandler
                0x00000000080007b0                DMA2_Channel2_IRQHandler
                0x00000000080007b0                DMA1_Channel4_IRQHandler
                0x00000000080007b0                USART3_IRQHandler
                0x00000000080007b0                RTC_IRQHandler
                0x00000000080007b0                DMA1_Channel7_IRQHandler
                0x00000000080007b0                UART5_IRQHandler
                0x00000000080007b0                ADC3_IRQHandler
                0x00000000080007b0                TIM4_IRQHandler
                0x00000000080007b0                CAN_RX1_IRQHandler
                0x00000000080007b0                DMA2_Channel1_IRQHandler
                0x00000000080007b0                I2C1_EV_IRQHandler
                0x00000000080007b0                DMA1_Channel6_IRQHandler
                0x00000000080007b0                UART4_IRQHandler
                0x00000000080007b0                TIM3_IRQHandler
                0x00000000080007b0                RCC_IRQHandler
                0x00000000080007b0                TIM1_TRG_COM_IRQHandler
                0x00000000080007b0                DMA1_Channel1_IRQHandler
                0x00000000080007b0                Default_Handler
                0x00000000080007b0                EXTI15_10_IRQHandler
                0x00000000080007b0                TIM7_IRQHandler
                0x00000000080007b0                TIM5_IRQHandler
                0x00000000080007b0                EXTI9_5_IRQHandler
                0x00000000080007b0                SPI2_IRQHandler
                0x00000000080007b0                USB_LP_CAN_RX0_IRQHandler
                0x00000000080007b0                MemManage_Handler
                0x00000000080007b0                SVC_Handler
                0x00000000080007b0                DMA1_Channel5_IRQHandler
                0x00000000080007b0                EXTI4_IRQHandler
                0x00000000080007b0                DMA1_Channel3_IRQHandler
                0x00000000080007b0                FSMC_IRQHandler
                0x00000000080007b0                TIM1_UP_IRQHandler
                0x00000000080007b0                WWDG_IRQHandler
                0x00000000080007b0                TIM2_IRQHandler
                0x00000000080007b0                TIM1_BRK_IRQHandler
                0x00000000080007b0                EXTI1_IRQHandler
                0x00000000080007b0                RTCAlarm_IRQHandler
                0x00000000080007b0                DMA2_Channel4_5_IRQHandler
                0x00000000080007b0                USART2_IRQHandler
                0x00000000080007b0                I2C2_ER_IRQHandler
                0x00000000080007b0                DMA1_Channel2_IRQHandler
                0x00000000080007b0                TIM8_BRK_IRQHandler
                0x00000000080007b0                FLASH_IRQHandler
                0x00000000080007b0                BusFault_Handler
                0x00000000080007b0                USART1_IRQHandler
                0x00000000080007b0                SPI3_IRQHandler
                0x00000000080007b0                I2C1_ER_IRQHandler
                0x00000000080007b0                DMA2_Channel3_IRQHandler
 *fill*         0x00000000080007b2        0x2 
 .text.__libc_init_array
                0x00000000080007b4       0x48 c:/st/stm32cubeide_1.4.0/stm32cubeide/plugins/com.st.stm32cube.ide.mcu.externaltools.gnu-tools-for-stm32.10.3-2021.10.win32_1.0.0.202111181127/tools/bin/../lib/gcc/arm-none-eabi/10.3.1/../../../../arm-none-eabi/lib/thumb/v7-m/nofp\libc_nano.a(lib_a-init.o)
                0x00000000080007b4                __libc_init_array
 *(.glue_7)
 .glue_7        0x00000000080007fc        0x0 linker stubs
 *(.glue_7t)
 .glue_7t       0x00000000080007fc        0x0 linker stubs
 *(.eh_frame)
 .eh_frame      0x00000000080007fc        0x0 c:/st/stm32cubeide_1.4.0/stm32cubeide/plugins/com.st.stm32cube.ide.mcu.externaltools.gnu-tools-for-stm32.10.3-2021.10.win32_1.0.0.202111181127/tools/bin/../lib/gcc/arm-none-eabi/10.3.1/thumb/v7-m/nofp/crtbegin.o
 *(.init)
 .init          0x00000000080007fc        0x4 c:/st/stm32cubeide_1.4.0/stm32cubeide/plugins/com.st.stm32cube.ide.mcu.externaltools.gnu-tools-for-stm32.10.3-2021.10.win32_1.0.0.202111181127/tools/bin/../lib/gcc/arm-none-eabi/10.3.1/thumb/v7-m/nofp/crti.o
                0x00000000080007fc                _init
 .init          0x0000000008000800        0x8 c:/st/stm32cubeide_1.4.0/stm32cubeide/plugins/com.st.stm32cube.ide.mcu.externaltools.gnu-tools-for-stm32.10.3-2021.10.win32_1.0.0.202111181127/tools/bin/../lib/gcc/arm-none-eabi/10.3.1/thumb/v7-m/nofp/crtn.o
 *(.fini)
 .fini          0x0000000008000808        0x4 c:/st/stm32cubeide_1.4.0/stm32cubeide/plugins/com.st.stm32cube.ide.mcu.externaltools.gnu-tools-for-stm32.10.3-2021.10.win32_1.0.0.202111181127/tools/bin/../lib/gcc/arm-none-eabi/10.3.1/thumb/v7-m/nofp/crti.o
                0x0000000008000808                _fini
 .fini          0x000000000800080c        0x8 c:/st/stm32cubeide_1.4.0/stm32cubeide/plugins/com.st.stm32cube.ide.mcu.externaltools.gnu-tools-for-stm32.10.3-2021.10.win32_1.0.0.202111181127/tools/bin/../lib/gcc/arm-none-eabi/10.3.1/thumb/v7-m/nofp/crtn.o
                0x0000000008000814                . = ALIGN (0x4)
                0x0000000008000814                _etext = .

.vfp11_veneer   0x0000000008000814        0x0
 .vfp11_veneer  0x0000000008000814        0x0 linker stubs

.v4_bx          0x0000000008000814        0x0
 .v4_bx         0x0000000008000814        0x0 linker stubs

.iplt           0x0000000008000814        0x0
 .iplt          0x0000000008000814        0x0 c:/st/stm32cubeide_1.4.0/stm32cubeide/plugins/com.st.stm32cube.ide.mcu.externaltools.gnu-tools-for-stm32.10.3-2021.10.win32_1.0.0.202111181127/tools/bin/../lib/gcc/arm-none-eabi/10.3.1/thumb/v7-m/nofp/crtbegin.o

.rel.dyn        0x0000000008000814        0x0
 .rel.iplt      0x0000000008000814        0x0 c:/st/stm32cubeide_1.4.0/stm32cubeide/plugins/com.st.stm32cube.ide.mcu.externaltools.gnu-tools-for-stm32.10.3-2021.10.win32_1.0.0.202111181127/tools/bin/../lib/gcc/arm-none-eabi/10.3.1/thumb/v7-m/nofp/crtbegin.o

.rodata         0x0000000008000814        0x0
                0x0000000008000814                . = ALIGN (0x4)
 *(.rodata)
 *(.rodata*)
                0x0000000008000814                . = ALIGN (0x4)

.ARM.extab      0x0000000008000814        0x0
                0x0000000008000814                . = ALIGN (0x4)
 *(.ARM.extab* .gnu.linkonce.armextab.*)
                0x0000000008000814                . = ALIGN (0x4)

.ARM            0x0000000008000814        0x0
                0x0000000008000814                . = ALIGN (0x4)
                0x0000000008000814                __exidx_start = .
 *(.ARM.exidx*)
                0x0000000008000814                __exidx_end = .
                0x0000000008000814                . = ALIGN (0x4)

.preinit_array  0x0000000008000814        0x0
                0x0000000008000814                . = ALIGN (0x4)
                0x0000000008000814                PROVIDE (__preinit_array_start = .)
 *(.preinit_array*)
                0x0000000008000814                PROVIDE (__preinit_array_end = .)
                0x0000000008000814                . = ALIGN (0x4)

.init_array     0x0000000008000814        0x4
                0x0000000008000814                . = ALIGN (0x4)
                0x0000000008000814                PROVIDE (__init_array_start = .)
 *(SORT_BY_NAME(.init_array.*))
 *(.init_array*)
 .init_array    0x0000000008000814        0x4 c:/st/stm32cubeide_1.4.0/stm32cubeide/plugins/com.st.stm32cube.ide.mcu.externaltools.gnu-tools-for-stm32.10.3-2021.10.win32_1.0.0.202111181127/tools/bin/../lib/gcc/arm-none-eabi/10.3.1/thumb/v7-m/nofp/crtbegin.o
                0x0000000008000818                PROVIDE (__init_array_end = .)
                0x0000000008000818                . = ALIGN (0x4)

.fini_array     0x0000000008000818        0x4
                0x0000000008000818                . = ALIGN (0x4)
                [!provide]                        PROVIDE (__fini_array_start = .)
 *(SORT_BY_NAME(.fini_array.*))
 *(.fini_array*)
 .fini_array    0x0000000008000818        0x4 c:/st/stm32cubeide_1.4.0/stm32cubeide/plugins/com.st.stm32cube.ide.mcu.externaltools.gnu-tools-for-stm32.10.3-2021.10.win32_1.0.0.202111181127/tools/bin/../lib/gcc/arm-none-eabi/10.3.1/thumb/v7-m/nofp/crtbegin.o
                [!provide]                        PROVIDE (__fini_array_end = .)
                0x000000000800081c                . = ALIGN (0x4)
                0x000000000800081c                _sidata = LOADADDR (.data)

.data           0x0000000020000000       0x28 load address 0x000000000800081c
                0x0000000020000000                . = ALIGN (0x4)
                0x0000000020000000                _sdata = .
 *(.data)
 *(.data*)
 .data.keypad_R
                0x0000000020000000       0x10 ./HAL/KEYPAD_DRIVER/KEYPAD_DRIVER.o
                0x0000000020000000                keypad_R
 .data.keypad_C
                0x0000000020000010       0x10 ./HAL/KEYPAD_DRIVER/KEYPAD_DRIVER.o
                0x0000000020000010                keypad_C
 .data.GPIO_A   0x0000000020000020        0x4 ./Src/main.o
                0x0000000020000020                GPIO_A
 .data.GPIO_B   0x0000000020000024        0x4 ./Src/main.o
                0x0000000020000024                GPIO_B
 *(.RamFunc)
 *(.RamFunc*)
                0x0000000020000028                . = ALIGN (0x4)
                0x0000000020000028                _edata = .

.igot.plt       0x0000000020000028        0x0 load address 0x0000000008000844
 .igot.plt      0x0000000020000028        0x0 c:/st/stm32cubeide_1.4.0/stm32cubeide/plugins/com.st.stm32cube.ide.mcu.externaltools.gnu-tools-for-stm32.10.3-2021.10.win32_1.0.0.202111181127/tools/bin/../lib/gcc/arm-none-eabi/10.3.1/thumb/v7-m/nofp/crtbegin.o
                0x0000000020000028                . = ALIGN (0x4)

.bss            0x0000000020000028       0x6c load address 0x0000000008000844
                0x0000000020000028                _sbss = .
                0x0000000020000028                __bss_start__ = _sbss
 *(.bss)
 .bss           0x0000000020000028       0x1c c:/st/stm32cubeide_1.4.0/stm32cubeide/plugins/com.st.stm32cube.ide.mcu.externaltools.gnu-tools-for-stm32.10.3-2021.10.win32_1.0.0.202111181127/tools/bin/../lib/gcc/arm-none-eabi/10.3.1/thumb/v7-m/nofp/crtbegin.o
 *(.bss*)
 .bss.COUNT_CHAR.0
                0x0000000020000044        0x1 ./HAL/LCD_DRIVER/LCD_DRIVER.o
 *fill*         0x0000000020000045        0x3 
 .bss.PINA_0    0x0000000020000048        0x4 ./Src/main.o
                0x0000000020000048                PINA_0
 .bss.PINA_1    0x000000002000004c        0x4 ./Src/main.o
                0x000000002000004c                PINA_1
 .bss.PINA_2    0x0000000020000050        0x4 ./Src/main.o
                0x0000000020000050                PINA_2
 .bss.PINA_3    0x0000000020000054        0x4 ./Src/main.o
                0x0000000020000054                PINA_3
 .bss.PINA_4    0x0000000020000058        0x4 ./Src/main.o
                0x0000000020000058                PINA_4
 .bss.PINA_5    0x000000002000005c        0x4 ./Src/main.o
                0x000000002000005c                PINA_5
 .bss.PINA_6    0x0000000020000060        0x4 ./Src/main.o
                0x0000000020000060                PINA_6
 .bss.PINA_7    0x0000000020000064        0x4 ./Src/main.o
                0x0000000020000064                PINA_7
 .bss.PINA_8    0x0000000020000068        0x4 ./Src/main.o
                0x0000000020000068                PINA_8
 .bss.PINA_9    0x000000002000006c        0x4 ./Src/main.o
                0x000000002000006c                PINA_9
 .bss.PINA_10   0x0000000020000070        0x4 ./Src/main.o
                0x0000000020000070                PINA_10
 .bss.PINB_3    0x0000000020000074        0x4 ./Src/main.o
                0x0000000020000074                PINB_3
 .bss.PINB_4    0x0000000020000078        0x4 ./Src/main.o
                0x0000000020000078                PINB_4
 .bss.PINB_5    0x000000002000007c        0x4 ./Src/main.o
                0x000000002000007c                PINB_5
 .bss.PINB_6    0x0000000020000080        0x4 ./Src/main.o
                0x0000000020000080                PINB_6
 .bss.PINB_7    0x0000000020000084        0x4 ./Src/main.o
                0x0000000020000084                PINB_7
 .bss.PINB_8    0x0000000020000088        0x4 ./Src/main.o
                0x0000000020000088                PINB_8
 .bss.PINB_9    0x000000002000008c        0x4 ./Src/main.o
                0x000000002000008c                PINB_9
 .bss.PINB_10   0x0000000020000090        0x4 ./Src/main.o
                0x0000000020000090                PINB_10
 *(COMMON)
                0x0000000020000094                . = ALIGN (0x4)
                0x0000000020000094                _ebss = .
                0x0000000020000094                __bss_end__ = _ebss

._user_heap_stack
                0x0000000020000094      0x604 load address 0x0000000008000844
                0x0000000020000098                . = ALIGN (0x8)
 *fill*         0x0000000020000094        0x4 
                [!provide]                        PROVIDE (end = .)
                0x0000000020000098                PROVIDE (_end = .)
                0x0000000020000298                . = (. + _Min_Heap_Size)
 *fill*         0x0000000020000098      0x200 
                0x0000000020000698                . = (. + _Min_Stack_Size)
 *fill*         0x0000000020000298      0x400 
                0x0000000020000698                . = ALIGN (0x8)

/DISCARD/
 libc.a(*)
 libm.a(*)
 libgcc.a(*)

.ARM.attributes
                0x0000000000000000       0x29
 *(.ARM.attributes)
 .ARM.attributes
                0x0000000000000000       0x1d c:/st/stm32cubeide_1.4.0/stm32cubeide/plugins/com.st.stm32cube.ide.mcu.externaltools.gnu-tools-for-stm32.10.3-2021.10.win32_1.0.0.202111181127/tools/bin/../lib/gcc/arm-none-eabi/10.3.1/thumb/v7-m/nofp/crti.o
 .ARM.attributes
                0x000000000000001d       0x2d c:/st/stm32cubeide_1.4.0/stm32cubeide/plugins/com.st.stm32cube.ide.mcu.externaltools.gnu-tools-for-stm32.10.3-2021.10.win32_1.0.0.202111181127/tools/bin/../lib/gcc/arm-none-eabi/10.3.1/thumb/v7-m/nofp/crtbegin.o
 .ARM.attributes
                0x000000000000004a       0x2d ./HAL/KEYPAD_DRIVER/KEYPAD_DRIVER.o
 .ARM.attributes
                0x0000000000000077       0x2d ./HAL/LCD_DRIVER/LCD_DRIVER.o
 .ARM.attributes
                0x00000000000000a4       0x2d ./STM32F103C6/GPIO.o
 .ARM.attributes
                0x00000000000000d1       0x2d ./Src/main.o
 .ARM.attributes
                0x00000000000000fe       0x21 ./Startup/startup_stm32f103c6tx.o
 .ARM.attributes
                0x000000000000011f       0x2d c:/st/stm32cubeide_1.4.0/stm32cubeide/plugins/com.st.stm32cube.ide.mcu.externaltools.gnu-tools-for-stm32.10.3-2021.10.win32_1.0.0.202111181127/tools/bin/../lib/gcc/arm-none-eabi/10.3.1/../../../../arm-none-eabi/lib/thumb/v7-m/nofp\libc_nano.a(lib_a-init.o)
 .ARM.attributes
                0x000000000000014c       0x1d c:/st/stm32cubeide_1.4.0/stm32cubeide/plugins/com.st.stm32cube.ide.mcu.externaltools.gnu-tools-for-stm32.10.3-2021.10.win32_1.0.0.202111181127/tools/bin/../lib/gcc/arm-none-eabi/10.3.1/thumb/v7-m/nofp/crtn.o
OUTPUT(DRIVERS.elf elf32-littlearm)
LOAD linker stubs
LOAD c:/st/stm32cubeide_1.4.0/stm32cubeide/plugins/com.st.stm32cube.ide.mcu.externaltools.gnu-tools-for-stm32.10.3-2021.10.win32_1.0.0.202111181127/tools/bin/../lib/gcc/arm-none-eabi/10.3.1/../../../../arm-none-eabi/lib/thumb/v7-m/nofp\libc.a
LOAD c:/st/stm32cubeide_1.4.0/stm32cubeide/plugins/com.st.stm32cube.ide.mcu.externaltools.gnu-tools-for-stm32.10.3-2021.10.win32_1.0.0.202111181127/tools/bin/../lib/gcc/arm-none-eabi/10.3.1/../../../../arm-none-eabi/lib/thumb/v7-m/nofp\libm.a
LOAD c:/st/stm32cubeide_1.4.0/stm32cubeide/plugins/com.st.stm32cube.ide.mcu.externaltools.gnu-tools-for-stm32.10.3-2021.10.win32_1.0.0.202111181127/tools/bin/../lib/gcc/arm-none-eabi/10.3.1/thumb/v7-m/nofp\libgcc.a

.debug_info     0x0000000000000000      0xf47
 .debug_info    0x0000000000000000      0x1b8 ./HAL/KEYPAD_DRIVER/KEYPAD_DRIVER.o
 .debug_info    0x00000000000001b8      0x365 ./HAL/LCD_DRIVER/LCD_DRIVER.o
 .debug_info    0x000000000000051d      0x511 ./STM32F103C6/GPIO.o
 .debug_info    0x0000000000000a2e      0x4f7 ./Src/main.o
 .debug_info    0x0000000000000f25       0x22 ./Startup/startup_stm32f103c6tx.o

.debug_abbrev   0x0000000000000000      0x4ba
 .debug_abbrev  0x0000000000000000       0xfc ./HAL/KEYPAD_DRIVER/KEYPAD_DRIVER.o
 .debug_abbrev  0x00000000000000fc      0x160 ./HAL/LCD_DRIVER/LCD_DRIVER.o
 .debug_abbrev  0x000000000000025c       0xfd ./STM32F103C6/GPIO.o
 .debug_abbrev  0x0000000000000359      0x14f ./Src/main.o
 .debug_abbrev  0x00000000000004a8       0x12 ./Startup/startup_stm32f103c6tx.o

.debug_loc      0x0000000000000000      0x69e
 .debug_loc     0x0000000000000000       0x94 ./HAL/KEYPAD_DRIVER/KEYPAD_DRIVER.o
 .debug_loc     0x0000000000000094      0x20e ./HAL/LCD_DRIVER/LCD_DRIVER.o
 .debug_loc     0x00000000000002a2      0x33c ./STM32F103C6/GPIO.o
 .debug_loc     0x00000000000005de       0xc0 ./Src/main.o

.debug_aranges  0x0000000000000000      0x130
 .debug_aranges
                0x0000000000000000       0x28 ./HAL/KEYPAD_DRIVER/KEYPAD_DRIVER.o
 .debug_aranges
                0x0000000000000028       0x50 ./HAL/LCD_DRIVER/LCD_DRIVER.o
 .debug_aranges
                0x0000000000000078       0x60 ./STM32F103C6/GPIO.o
 .debug_aranges
                0x00000000000000d8       0x30 ./Src/main.o
 .debug_aranges
                0x0000000000000108       0x28 ./Startup/startup_stm32f103c6tx.o

.debug_ranges   0x0000000000000000       0xe8
 .debug_ranges  0x0000000000000000       0x18 ./HAL/KEYPAD_DRIVER/KEYPAD_DRIVER.o
 .debug_ranges  0x0000000000000018       0x40 ./HAL/LCD_DRIVER/LCD_DRIVER.o
 .debug_ranges  0x0000000000000058       0x50 ./STM32F103C6/GPIO.o
 .debug_ranges  0x00000000000000a8       0x20 ./Src/main.o
 .debug_ranges  0x00000000000000c8       0x20 ./Startup/startup_stm32f103c6tx.o

.debug_macro    0x0000000000000000     0x2267
 .debug_macro   0x0000000000000000      0x165 ./HAL/KEYPAD_DRIVER/KEYPAD_DRIVER.o
 .debug_macro   0x0000000000000165      0xa72 ./HAL/KEYPAD_DRIVER/KEYPAD_DRIVER.o
 .debug_macro   0x0000000000000bd7       0x22 ./HAL/KEYPAD_DRIVER/KEYPAD_DRIVER.o
 .debug_macro   0x0000000000000bf9       0x8e ./HAL/KEYPAD_DRIVER/KEYPAD_DRIVER.o
 .debug_macro   0x0000000000000c87       0x51 ./HAL/KEYPAD_DRIVER/KEYPAD_DRIVER.o
 .debug_macro   0x0000000000000cd8      0x103 ./HAL/KEYPAD_DRIVER/KEYPAD_DRIVER.o
 .debug_macro   0x0000000000000ddb       0x6a ./HAL/KEYPAD_DRIVER/KEYPAD_DRIVER.o
 .debug_macro   0x0000000000000e45      0x1df ./HAL/KEYPAD_DRIVER/KEYPAD_DRIVER.o
 .debug_macro   0x0000000000001024       0x18 ./HAL/KEYPAD_DRIVER/KEYPAD_DRIVER.o
 .debug_macro   0x000000000000103c       0x52 ./HAL/KEYPAD_DRIVER/KEYPAD_DRIVER.o
 .debug_macro   0x000000000000108e       0x3c ./HAL/KEYPAD_DRIVER/KEYPAD_DRIVER.o
 .debug_macro   0x00000000000010ca       0x34 ./HAL/KEYPAD_DRIVER/KEYPAD_DRIVER.o
 .debug_macro   0x00000000000010fe       0x16 ./HAL/KEYPAD_DRIVER/KEYPAD_DRIVER.o
 .debug_macro   0x0000000000001114      0x10e ./HAL/KEYPAD_DRIVER/KEYPAD_DRIVER.o
 .debug_macro   0x0000000000001222       0x8d ./HAL/KEYPAD_DRIVER/KEYPAD_DRIVER.o
 .debug_macro   0x00000000000012af       0x16 ./HAL/KEYPAD_DRIVER/KEYPAD_DRIVER.o
 .debug_macro   0x00000000000012c5       0x43 ./HAL/KEYPAD_DRIVER/KEYPAD_DRIVER.o
 .debug_macro   0x0000000000001308       0x34 ./HAL/KEYPAD_DRIVER/KEYPAD_DRIVER.o
 .debug_macro   0x000000000000133c       0x10 ./HAL/KEYPAD_DRIVER/KEYPAD_DRIVER.o
 .debug_macro   0x000000000000134c       0x58 ./HAL/KEYPAD_DRIVER/KEYPAD_DRIVER.o
 .debug_macro   0x00000000000013a4       0x71 ./HAL/KEYPAD_DRIVER/KEYPAD_DRIVER.o
 .debug_macro   0x0000000000001415       0x1c ./HAL/KEYPAD_DRIVER/KEYPAD_DRIVER.o
 .debug_macro   0x0000000000001431      0x12a ./HAL/KEYPAD_DRIVER/KEYPAD_DRIVER.o
 .debug_macro   0x000000000000155b      0x341 ./HAL/KEYPAD_DRIVER/KEYPAD_DRIVER.o
 .debug_macro   0x000000000000189c       0x16 ./HAL/KEYPAD_DRIVER/KEYPAD_DRIVER.o
 .debug_macro   0x00000000000018b2       0x29 ./HAL/KEYPAD_DRIVER/KEYPAD_DRIVER.o
 .debug_macro   0x00000000000018db      0x1e2 ./HAL/KEYPAD_DRIVER/KEYPAD_DRIVER.o
 .debug_macro   0x0000000000001abd       0xe3 ./HAL/KEYPAD_DRIVER/KEYPAD_DRIVER.o
 .debug_macro   0x0000000000001ba0       0x58 ./HAL/KEYPAD_DRIVER/KEYPAD_DRIVER.o
 .debug_macro   0x0000000000001bf8      0x165 ./HAL/LCD_DRIVER/LCD_DRIVER.o
 .debug_macro   0x0000000000001d5d       0xf4 ./HAL/LCD_DRIVER/LCD_DRIVER.o
 .debug_macro   0x0000000000001e51      0x156 ./STM32F103C6/GPIO.o
 .debug_macro   0x0000000000001fa7      0x168 ./Src/main.o
 .debug_macro   0x000000000000210f       0xfa ./Src/main.o
 .debug_macro   0x0000000000002209       0x5e ./Src/main.o

.debug_line     0x0000000000000000     0x1bf5
 .debug_line    0x0000000000000000      0x617 ./HAL/KEYPAD_DRIVER/KEYPAD_DRIVER.o
 .debug_line    0x0000000000000617      0x745 ./HAL/LCD_DRIVER/LCD_DRIVER.o
 .debug_line    0x0000000000000d5c      0x6eb ./STM32F103C6/GPIO.o
 .debug_line    0x0000000000001447      0x72a ./Src/main.o
 .debug_line    0x0000000000001b71       0x84 ./Startup/startup_stm32f103c6tx.o

.debug_str      0x0000000000000000     0x802c
 .debug_str     0x0000000000000000     0x789b ./HAL/KEYPAD_DRIVER/KEYPAD_DRIVER.o
                                       0x7a91 (size before relaxing)
 .debug_str     0x000000000000789b      0x4fb ./HAL/LCD_DRIVER/LCD_DRIVER.o
                                       0x7e7d (size before relaxing)
 .debug_str     0x0000000000007d96      0x1b3 ./STM32F103C6/GPIO.o
                                       0x7b39 (size before relaxing)
 .debug_str     0x0000000000007f49       0xb2 ./Src/main.o
                                       0x800c (size before relaxing)
 .debug_str     0x0000000000007ffb       0x31 ./Startup/startup_stm32f103c6tx.o
                                         0x6b (size before relaxing)

.comment        0x0000000000000000       0x50
 .comment       0x0000000000000000       0x50 ./HAL/KEYPAD_DRIVER/KEYPAD_DRIVER.o
                                         0x51 (size before relaxing)
 .comment       0x0000000000000050       0x51 ./HAL/LCD_DRIVER/LCD_DRIVER.o
 .comment       0x0000000000000050       0x51 ./STM32F103C6/GPIO.o
 .comment       0x0000000000000050       0x51 ./Src/main.o

.debug_frame    0x0000000000000000      0x378
 .debug_frame   0x0000000000000000       0x54 ./HAL/KEYPAD_DRIVER/KEYPAD_DRIVER.o
 .debug_frame   0x0000000000000054      0x10c ./HAL/LCD_DRIVER/LCD_DRIVER.o
 .debug_frame   0x0000000000000160      0x178 ./STM32F103C6/GPIO.o
 .debug_frame   0x00000000000002d8       0x74 ./Src/main.o
 .debug_frame   0x000000000000034c       0x2c c:/st/stm32cubeide_1.4.0/stm32cubeide/plugins/com.st.stm32cube.ide.mcu.externaltools.gnu-tools-for-stm32.10.3-2021.10.win32_1.0.0.202111181127/tools/bin/../lib/gcc/arm-none-eabi/10.3.1/../../../../arm-none-eabi/lib/thumb/v7-m/nofp\libc_nano.a(lib_a-init.o)
