../STM32F103C6/EXTI.c:54:6:MCAL_EXTI_INIT	16	static
../STM32F103C6/EXTI.c:58:6:MCAL_EXTI_GPIO_RESET	4	static
../STM32F103C6/EXTI.c:76:6:MCAL_GPIO_UPDATE	16	static
../STM32F103C6/EXTI.c:84:6:ENABLE_NVIC	16	static
../STM32F103C6/EXTI.c:122:6:DISABLE_NVIC	16	static
../STM32F103C6/EXTI.c:161:6:Update_EXTI	24	static
../STM32F103C6/EXTI.c:226:7:EXTI0_IRQHandler	8	static
../STM32F103C6/EXTI.c:233:7:EXTI1_IRQHandler	8	static
../STM32F103C6/EXTI.c:239:7:EXTI2_IRQHandler	8	static
../STM32F103C6/EXTI.c:244:7:EXTI3_IRQHandler	8	static
../STM32F103C6/EXTI.c:250:7:EXTI4_IRQHandler	8	static
../STM32F103C6/EXTI.c:256:7:EXTI9_5_IRQHandler	8	static
../STM32F103C6/EXTI.c:265:7:EXTI15_10_IRQHandler	8	static
