Archive member included to satisfy reference by file (symbol)

c:/st/stm32cubeide_1.4.0/stm32cubeide/plugins/com.st.stm32cube.ide.mcu.externaltools.gnu-tools-for-stm32.10.3-2021.10.win32_1.0.0.202111181127/tools/bin/../lib/gcc/arm-none-eabi/10.3.1/../../../../arm-none-eabi/lib/thumb/v7-m/nofp\libc_nano.a(lib_a-errno.o)
                              ./Src/syscalls.o (__errno)
c:/st/stm32cubeide_1.4.0/stm32cubeide/plugins/com.st.stm32cube.ide.mcu.externaltools.gnu-tools-for-stm32.10.3-2021.10.win32_1.0.0.202111181127/tools/bin/../lib/gcc/arm-none-eabi/10.3.1/../../../../arm-none-eabi/lib/thumb/v7-m/nofp\libc_nano.a(lib_a-exit.o)
                              c:/st/stm32cubeide_1.4.0/stm32cubeide/plugins/com.st.stm32cube.ide.mcu.externaltools.gnu-tools-for-stm32.10.3-2021.10.win32_1.0.0.202111181127/tools/bin/../lib/gcc/arm-none-eabi/10.3.1/../../../../arm-none-eabi/lib/thumb/v7-m/nofp/crt0.o (exit)
c:/st/stm32cubeide_1.4.0/stm32cubeide/plugins/com.st.stm32cube.ide.mcu.externaltools.gnu-tools-for-stm32.10.3-2021.10.win32_1.0.0.202111181127/tools/bin/../lib/gcc/arm-none-eabi/10.3.1/../../../../arm-none-eabi/lib/thumb/v7-m/nofp\libc_nano.a(lib_a-impure.o)
                              c:/st/stm32cubeide_1.4.0/stm32cubeide/plugins/com.st.stm32cube.ide.mcu.externaltools.gnu-tools-for-stm32.10.3-2021.10.win32_1.0.0.202111181127/tools/bin/../lib/gcc/arm-none-eabi/10.3.1/../../../../arm-none-eabi/lib/thumb/v7-m/nofp\libc_nano.a(lib_a-exit.o) (_global_impure_ptr)
c:/st/stm32cubeide_1.4.0/stm32cubeide/plugins/com.st.stm32cube.ide.mcu.externaltools.gnu-tools-for-stm32.10.3-2021.10.win32_1.0.0.202111181127/tools/bin/../lib/gcc/arm-none-eabi/10.3.1/../../../../arm-none-eabi/lib/thumb/v7-m/nofp\libc_nano.a(lib_a-init.o)
                              c:/st/stm32cubeide_1.4.0/stm32cubeide/plugins/com.st.stm32cube.ide.mcu.externaltools.gnu-tools-for-stm32.10.3-2021.10.win32_1.0.0.202111181127/tools/bin/../lib/gcc/arm-none-eabi/10.3.1/../../../../arm-none-eabi/lib/thumb/v7-m/nofp/crt0.o (__libc_init_array)
c:/st/stm32cubeide_1.4.0/stm32cubeide/plugins/com.st.stm32cube.ide.mcu.externaltools.gnu-tools-for-stm32.10.3-2021.10.win32_1.0.0.202111181127/tools/bin/../lib/gcc/arm-none-eabi/10.3.1/../../../../arm-none-eabi/lib/thumb/v7-m/nofp\libc_nano.a(lib_a-memset.o)
                              c:/st/stm32cubeide_1.4.0/stm32cubeide/plugins/com.st.stm32cube.ide.mcu.externaltools.gnu-tools-for-stm32.10.3-2021.10.win32_1.0.0.202111181127/tools/bin/../lib/gcc/arm-none-eabi/10.3.1/../../../../arm-none-eabi/lib/thumb/v7-m/nofp/crt0.o (memset)
c:/st/stm32cubeide_1.4.0/stm32cubeide/plugins/com.st.stm32cube.ide.mcu.externaltools.gnu-tools-for-stm32.10.3-2021.10.win32_1.0.0.202111181127/tools/bin/../lib/gcc/arm-none-eabi/10.3.1/../../../../arm-none-eabi/lib/thumb/v7-m/nofp\libc_nano.a(lib_a-sprintf.o)
                              ./HAL/LCD_DRIVER/LCD_DRIVER.o (sprintf)
c:/st/stm32cubeide_1.4.0/stm32cubeide/plugins/com.st.stm32cube.ide.mcu.externaltools.gnu-tools-for-stm32.10.3-2021.10.win32_1.0.0.202111181127/tools/bin/../lib/gcc/arm-none-eabi/10.3.1/../../../../arm-none-eabi/lib/thumb/v7-m/nofp\libc_nano.a(lib_a-nano-svfprintf.o)
                              c:/st/stm32cubeide_1.4.0/stm32cubeide/plugins/com.st.stm32cube.ide.mcu.externaltools.gnu-tools-for-stm32.10.3-2021.10.win32_1.0.0.202111181127/tools/bin/../lib/gcc/arm-none-eabi/10.3.1/../../../../arm-none-eabi/lib/thumb/v7-m/nofp\libc_nano.a(lib_a-sprintf.o) (_svfprintf_r)
c:/st/stm32cubeide_1.4.0/stm32cubeide/plugins/com.st.stm32cube.ide.mcu.externaltools.gnu-tools-for-stm32.10.3-2021.10.win32_1.0.0.202111181127/tools/bin/../lib/gcc/arm-none-eabi/10.3.1/../../../../arm-none-eabi/lib/thumb/v7-m/nofp\libc_nano.a(lib_a-nano-vfprintf_i.o)
                              c:/st/stm32cubeide_1.4.0/stm32cubeide/plugins/com.st.stm32cube.ide.mcu.externaltools.gnu-tools-for-stm32.10.3-2021.10.win32_1.0.0.202111181127/tools/bin/../lib/gcc/arm-none-eabi/10.3.1/../../../../arm-none-eabi/lib/thumb/v7-m/nofp\libc_nano.a(lib_a-nano-svfprintf.o) (_printf_i)
c:/st/stm32cubeide_1.4.0/stm32cubeide/plugins/com.st.stm32cube.ide.mcu.externaltools.gnu-tools-for-stm32.10.3-2021.10.win32_1.0.0.202111181127/tools/bin/../lib/gcc/arm-none-eabi/10.3.1/../../../../arm-none-eabi/lib/thumb/v7-m/nofp\libc_nano.a(lib_a-memchr-stub.o)
                              c:/st/stm32cubeide_1.4.0/stm32cubeide/plugins/com.st.stm32cube.ide.mcu.externaltools.gnu-tools-for-stm32.10.3-2021.10.win32_1.0.0.202111181127/tools/bin/../lib/gcc/arm-none-eabi/10.3.1/../../../../arm-none-eabi/lib/thumb/v7-m/nofp\libc_nano.a(lib_a-nano-svfprintf.o) (memchr)
c:/st/stm32cubeide_1.4.0/stm32cubeide/plugins/com.st.stm32cube.ide.mcu.externaltools.gnu-tools-for-stm32.10.3-2021.10.win32_1.0.0.202111181127/tools/bin/../lib/gcc/arm-none-eabi/10.3.1/../../../../arm-none-eabi/lib/thumb/v7-m/nofp\libc_nano.a(lib_a-memcpy-stub.o)
[...]
Memory Configuration

Name             Origin             Length             Attributes
RAM              0x0000000020000000 0x0000000000002800 xrw
FLASH            0x0000000008000000 0x0000000000008000 xr
*default*        0x0000000000000000 0xffffffffffffffff

Linker script and memory map

LOAD c:/st/stm32cubeide_1.4.0/stm32cubeide/plugins/com.st.stm32cube.ide.mcu.externaltools.gnu-tools-for-stm32.10.3-2021.10.win32_1.0.0.202111181127/tools/bin/../lib/gcc/arm-none-eabi/10.3.1/thumb/v7-m/nofp/crti.o
LOAD c:/st/stm32cubeide_1.4.0/stm32cubeide/plugins/com.st.stm32cube.ide.mcu.externaltools.gnu-tools-for-stm32.10.3-2021.10.win32_1.0.0.202111181127/tools/bin/../lib/gcc/arm-none-eabi/10.3.1/thumb/v7-m/nofp/crtbegin.o
LOAD c:/st/stm32cubeide_1.4.0/stm32cubeide/plugins/com.st.stm32cube.ide.mcu.externaltools.gnu-tools-for-stm32.10.3-2021.10.win32_1.0.0.202111181127/tools/bin/../lib/gcc/arm-none-eabi/10.3.1/../../../../arm-none-eabi/lib/thumb/v7-m/nofp/crt0.o
LOAD ./HAL/KEYPAD_DRIVER/KEYPAD_DRIVER.o
LOAD ./HAL/LCD_DRIVER/LCD_DRIVER.o
LOAD ./HAL/USART_DRIVER/USART.o
LOAD ./STM32F103C6/EXTI.o
LOAD ./STM32F103C6/GPIO.o
LOAD ./STM32F103C6/RCC.o
LOAD ./Src/main.o
LOAD ./Src/syscalls.o
LOAD ./Src/sysmem.o
LOAD ./Startup/startup_stm32f103c6tx.o
START GROUP
LOAD c:/st/stm32cubeide_1.4.0/stm32cubeide/plugins/com.st.stm32cube.ide.mcu.externaltools.gnu-tools-for-stm32.10.3-2021.10.win32_1.0.0.202111181127/tools/bin/../lib/gcc/arm-none-eabi/10.3.1/../../../../arm-none-eabi/lib/thumb/v7-m/nofp\libc_nano.a
LOAD c:/st/stm32cubeide_1.4.0/stm32cubeide/plugins/com.st.stm32cube.ide.mcu.externaltools.gnu-tools-for-stm32.10.3-2021.10.win32_1.0.0.202111181127/tools/bin/../lib/gcc/arm-none-eabi/10.3.1/../../../../arm-none-eabi/lib/thumb/v7-m/nofp\libm.a
END GROUP
START GROUP
LOAD c:/st/stm32cubeide_1.4.0/stm32cubeide/plugins/com.st.stm32cube.ide.mcu.externaltools.gnu-tools-for-stm32.10.3-2021.10.win32_1.0.0.202111181127/tools/bin/../lib/gcc/arm-none-eabi/10.3.1/thumb/v7-m/nofp\libgcc.a
LOAD c:/st/stm32cubeide_1.4.0/stm32cubeide/plugins/com.st.stm32cube.ide.mcu.externaltools.gnu-tools-for-stm32.10.3-2021.10.win32_1.0.0.202111181127/tools/bin/../lib/gcc/arm-none-eabi/10.3.1/../../../../arm-none-eabi/lib/thumb/v7-m/nofp\libg_nano.a
LOAD c:/st/stm32cubeide_1.4.0/stm32cubeide/plugins/com.st.stm32cube.ide.mcu.externaltools.gnu-tools-for-stm32.10.3-2021.10.win32_1.0.0.202111181127/tools/bin/../lib/gcc/arm-none-eabi/10.3.1/../../../../arm-none-eabi/lib/thumb/v7-m/nofp\libc_nano.a
END GROUP
START GROUP
LOAD c:/st/stm32cubeide_1.4.0/stm32cubeide/plugins/com.st.stm32cube.ide.mcu.externaltools.gnu-tools-for-stm32.10.3-2021.10.win32_1.0.0.202111181127/tools/bin/../lib/gcc/arm-none-eabi/10.3.1/thumb/v7-m/nofp\libgcc.a
LOAD c:/st/stm32cubeide_1.4.0/stm32cubeide/plugins/com.st.stm32cube.ide.mcu.externaltools.gnu-tools-for-stm32.10.3-2021.10.win32_1.0.0.202111181127/tools/bin/../lib/gcc/arm-none-eabi/10.3.1/../../../../arm-none-eabi/lib/thumb/v7-m/nofp\libc_nano.a
LOAD c:/st/stm32cubeide_1.4.0/stm32cubeide/plugins/com.st.stm32cube.ide.mcu.externaltools.gnu-tools-for-stm32.10.3-2021.10.win32_1.0.0.202111181127/tools/bin/../lib/gcc/arm-none-eabi/10.3.1/../../../../arm-none-eabi/lib/thumb/v7-m/nofp\libnosys.a
END GROUP
START GROUP
LOAD c:/st/stm32cubeide_1.4.0/stm32cubeide/plugins/com.st.stm32cube.ide.mcu.externaltools.gnu-tools-for-stm32.10.3-2021.10.win32_1.0.0.202111181127/tools/bin/../lib/gcc/arm-none-eabi/10.3.1/thumb/v7-m/nofp\libgcc.a
LOAD c:/st/stm32cubeide_1.4.0/stm32cubeide/plugins/com.st.stm32cube.ide.mcu.externaltools.gnu-tools-for-stm32.10.3-2021.10.win32_1.0.0.202111181127/tools/bin/../lib/gcc/arm-none-eabi/10.3.1/../../../../arm-none-eabi/lib/thumb/v7-m/nofp\libc_nano.a
LOAD c:/st/stm32cubeide_1.4.0/stm32cubeide/plugins/com.st.stm32cube.ide.mcu.externaltools.gnu-tools-for-stm32.10.3-2021.10.win32_1.0.0.202111181127/tools/bin/../lib/gcc/arm-none-eabi/10.3.1/../../../../arm-none-eabi/lib/thumb/v7-m/nofp\libnosys.a
END GROUP
LOAD c:/st/stm32cubeide_1.4.0/stm32cubeide/plugins/com.st.stm32cube.ide.mcu.externaltools.gnu-tools-for-stm32.10.3-2021.10.win32_1.0.0.202111181127/tools/bin/../lib/gcc/arm-none-eabi/10.3.1/thumb/v7-m/nofp/crtend.o
LOAD c:/st/stm32cubeide_1.4.0/stm32cubeide/plugins/com.st.stm32cube.ide.mcu.externaltools.gnu-tools-for-stm32.10.3-2021.10.win32_1.0.0.202111181127/tools/bin/../lib/gcc/arm-none-eabi/10.3.1/thumb/v7-m/nofp/crtn.o
                0x0000000020002800                _estack = (ORIGIN (RAM) + LENGTH (RAM))
                0x0000000000000200                _Min_Heap_Size = 0x200
                0x0000000000000400                _Min_Stack_Size = 0x400

.isr_vector     0x0000000008000000      0x130
                0x0000000008000000                . = ALIGN (0x4)
 *(.isr_vector)
 .isr_vector    0x0000000008000000      0x130 ./Startup/startup_stm32f103c6tx.o
                0x0000000008000000                g_pfnVectors
                0x0000000008000130                . = ALIGN (0x4)

.text           0x0000000008000130      0xad4
                0x0000000008000130                . = ALIGN (0x4)
 *(.text)
 .text          0x0000000008000130       0x40 c:/st/stm32cubeide_1.4.0/stm32cubeide/plugins/com.st.stm32cube.ide.mcu.externaltools.gnu-tools-for-stm32.10.3-2021.10.win32_1.0.0.202111181127/tools/bin/../lib/gcc/arm-none-eabi/10.3.1/thumb/v7-m/nofp/crtbegin.o
 *(.text*)
 .text.GOTO_XY  0x0000000008000170       0x2e ./HAL/LCD_DRIVER/LCD_DRIVER.o
                0x0000000008000170                GOTO_XY
 .text.LCD_INIT
                0x000000000800019e       0x20 ./HAL/LCD_DRIVER/LCD_DRIVER.o
                0x000000000800019e                LCD_INIT
 *fill*         0x00000000080001be        0x2 
 .text.LCD_WRITE_COMMAND
                0x00000000080001c0       0x5c ./HAL/LCD_DRIVER/LCD_DRIVER.o
                0x00000000080001c0                LCD_WRITE_COMMAND
 .text.LCD_WRITE_STRING
                0x000000000800021c       0xa8 ./HAL/LCD_DRIVER/LCD_DRIVER.o
                0x000000000800021c                LCD_WRITE_STRING
 .text.MCAL_EXTI_INIT
                0x00000000080002c4       0x16 ./STM32F103C6/EXTI.o
                0x00000000080002c4                MCAL_EXTI_INIT
 *fill*         0x00000000080002da        0x2 
 .text.ENABLE_NVIC
                0x00000000080002dc       0xcc ./STM32F103C6/EXTI.o
                0x00000000080002dc                ENABLE_NVIC
 .text.DISABLE_NVIC
                0x00000000080003a8       0xcc ./STM32F103C6/EXTI.o
                0x00000000080003a8                DISABLE_NVIC
 .text.Update_EXTI
                0x0000000008000474      0x1bc ./STM32F103C6/EXTI.o
                0x0000000008000474                Update_EXTI
 .text.EXTI0_IRQHandler
                0x0000000008000630       0x24 ./STM32F103C6/EXTI.o
                0x0000000008000630                EXTI0_IRQHandler
 .text.EXTI1_IRQHandler
                0x0000000008000654       0x24 ./STM32F103C6/EXTI.o
                0x0000000008000654                EXTI1_IRQHandler
 .text.EXTI2_IRQHandler
                0x0000000008000678       0x24 ./STM32F103C6/EXTI.o
                0x0000000008000678                EXTI2_IRQHandler
 .text.EXTI3_IRQHandler
                0x000000000800069c       0x24 ./STM32F103C6/EXTI.o
                0x000000000800069c                EXTI3_IRQHandler
 .text.EXTI4_IRQHandler
                0x00000000080006c0       0x24 ./STM32F103C6/EXTI.o
                0x00000000080006c0                EXTI4_IRQHandler
 .text.EXTI9_5_IRQHandler
                0x00000000080006e4       0xa8 ./STM32F103C6/EXTI.o
                0x00000000080006e4                EXTI9_5_IRQHandler
 .text.EXTI15_10_IRQHandler
                0x000000000800078c       0xc4 ./STM32F103C6/EXTI.o
                0x000000000800078c                EXTI15_10_IRQHandler
 .text.MCAL_GPIO_INIT_PIN
                0x0000000008000850       0xbc ./STM32F103C6/GPIO.o
                0x0000000008000850                MCAL_GPIO_INIT_PIN
 .text.init     0x000000000800090c      0x1ac ./Src/main.o
                0x000000000800090c                init
 .text.wait_ms  0x0000000008000ab8       0x38 ./Src/main.o
                0x0000000008000ab8                wait_ms
 .text.EXTI9_CALLBACK
                0x0000000008000af0       0x24 ./Src/main.o
                0x0000000008000af0                EXTI9_CALLBACK
 .text.main     0x0000000008000b14       0x3c ./Src/main.o
                0x0000000008000b14                main
 .text.Reset_Handler
                0x0000000008000b50       0x50 ./Startup/startup_stm32f103c6tx.o
                0x0000000008000b50                Reset_Handler
 .text.Default_Handler
                0x0000000008000ba0        0x2 ./Startup/startup_stm32f103c6tx.o
                0x0000000008000ba0                TIM8_TRG_COM_IRQHandler
                0x0000000008000ba0                TIM8_CC_IRQHandler
                0x0000000008000ba0                DebugMon_Handler
                0x0000000008000ba0                TIM1_CC_IRQHandler
                0x0000000008000ba0                HardFault_Handler
                0x0000000008000ba0                TIM6_IRQHandler
                0x0000000008000ba0                SysTick_Handler
                0x0000000008000ba0                PVD_IRQHandler
                0x0000000008000ba0                SDIO_IRQHandler
                0x0000000008000ba0                PendSV_Handler
                0x0000000008000ba0                NMI_Handler
                0x0000000008000ba0                USB_HP_CAN_TX_IRQHandler
                0x0000000008000ba0                I2C2_EV_IRQHandler
                0x0000000008000ba0                UsageFault_Handler
                0x0000000008000ba0                ADC1_2_IRQHandler
                0x0000000008000ba0                SPI1_IRQHandler
                0x0000000008000ba0                CAN_SCE_IRQHandler
                0x0000000008000ba0                TAMPER_IRQHandler
                0x0000000008000ba0                TIM8_UP_IRQHandler
                0x0000000008000ba0                DMA2_Channel2_IRQHandler
                0x0000000008000ba0                DMA1_Channel4_IRQHandler
                0x0000000008000ba0                USART3_IRQHandler
                0x0000000008000ba0                RTC_IRQHandler
                0x0000000008000ba0                DMA1_Channel7_IRQHandler
                0x0000000008000ba0                UART5_IRQHandler
                0x0000000008000ba0                ADC3_IRQHandler
                0x0000000008000ba0                TIM4_IRQHandler
                0x0000000008000ba0                CAN_RX1_IRQHandler
                0x0000000008000ba0                DMA2_Channel1_IRQHandler
                0x0000000008000ba0                I2C1_EV_IRQHandler
                0x0000000008000ba0                DMA1_Channel6_IRQHandler
                0x0000000008000ba0                UART4_IRQHandler
                0x0000000008000ba0                TIM3_IRQHandler
                0x0000000008000ba0                RCC_IRQHandler
                0x0000000008000ba0                TIM1_TRG_COM_IRQHandler
                0x0000000008000ba0                DMA1_Channel1_IRQHandler
                0x0000000008000ba0                Default_Handler
                0x0000000008000ba0                TIM7_IRQHandler
                0x0000000008000ba0                TIM5_IRQHandler
                0x0000000008000ba0                SPI2_IRQHandler
                0x0000000008000ba0                USB_LP_CAN_RX0_IRQHandler
                0x0000000008000ba0                MemManage_Handler
                0x0000000008000ba0                SVC_Handler
                0x0000000008000ba0                DMA1_Channel5_IRQHandler
                0x0000000008000ba0                DMA1_Channel3_IRQHandler
                0x0000000008000ba0                FSMC_IRQHandler
                0x0000000008000ba0                TIM1_UP_IRQHandler
                0x0000000008000ba0                WWDG_IRQHandler
                0x0000000008000ba0                TIM2_IRQHandler
                0x0000000008000ba0                TIM1_BRK_IRQHandler
                0x0000000008000ba0                RTCAlarm_IRQHandler
                0x0000000008000ba0                DMA2_Channel4_5_IRQHandler
                0x0000000008000ba0                USART2_IRQHandler
                0x0000000008000ba0                I2C2_ER_IRQHandler
                0x0000000008000ba0                DMA1_Channel2_IRQHandler
                0x0000000008000ba0                TIM8_BRK_IRQHandler
                0x0000000008000ba0                FLASH_IRQHandler
                0x0000000008000ba0                BusFault_Handler
                0x0000000008000ba0                USART1_IRQHandler
                0x0000000008000ba0                SPI3_IRQHandler
                0x0000000008000ba0                I2C1_ER_IRQHandler
                0x0000000008000ba0                DMA2_Channel3_IRQHandler
 *fill*         0x0000000008000ba2        0x2 
 .text.__libc_init_array
                0x0000000008000ba4       0x48 c:/st/stm32cubeide_1.4.0/stm32cubeide/plugins/com.st.stm32cube.ide.mcu.externaltools.gnu-tools-for-stm32.10.3-2021.10.win32_1.0.0.202111181127/tools/bin/../lib/gcc/arm-none-eabi/10.3.1/../../../../arm-none-eabi/lib/thumb/v7-m/nofp\libc_nano.a(lib_a-init.o)
                0x0000000008000ba4                __libc_init_array
 *(.glue_7)
 .glue_7        0x0000000008000bec        0x0 linker stubs
 *(.glue_7t)
 .glue_7t       0x0000000008000bec        0x0 linker stubs
 *(.eh_frame)
 .eh_frame      0x0000000008000bec        0x0 c:/st/stm32cubeide_1.4.0/stm32cubeide/plugins/com.st.stm32cube.ide.mcu.externaltools.gnu-tools-for-stm32.10.3-2021.10.win32_1.0.0.202111181127/tools/bin/../lib/gcc/arm-none-eabi/10.3.1/thumb/v7-m/nofp/crtbegin.o
 *(.init)
 .init          0x0000000008000bec        0x4 c:/st/stm32cubeide_1.4.0/stm32cubeide/plugins/com.st.stm32cube.ide.mcu.externaltools.gnu-tools-for-stm32.10.3-2021.10.win32_1.0.0.202111181127/tools/bin/../lib/gcc/arm-none-eabi/10.3.1/thumb/v7-m/nofp/crti.o
                0x0000000008000bec                _init
 .init          0x0000000008000bf0        0x8 c:/st/stm32cubeide_1.4.0/stm32cubeide/plugins/com.st.stm32cube.ide.mcu.externaltools.gnu-tools-for-stm32.10.3-2021.10.win32_1.0.0.202111181127/tools/bin/../lib/gcc/arm-none-eabi/10.3.1/thumb/v7-m/nofp/crtn.o
 *(.fini)
 .fini          0x0000000008000bf8        0x4 c:/st/stm32cubeide_1.4.0/stm32cubeide/plugins/com.st.stm32cube.ide.mcu.externaltools.gnu-tools-for-stm32.10.3-2021.10.win32_1.0.0.202111181127/tools/bin/../lib/gcc/arm-none-eabi/10.3.1/thumb/v7-m/nofp/crti.o
                0x0000000008000bf8                _fini
 .fini          0x0000000008000bfc        0x8 c:/st/stm32cubeide_1.4.0/stm32cubeide/plugins/com.st.stm32cube.ide.mcu.externaltools.gnu-tools-for-stm32.10.3-2021.10.win32_1.0.0.202111181127/tools/bin/../lib/gcc/arm-none-eabi/10.3.1/thumb/v7-m/nofp/crtn.o
                0x0000000008000c04                . = ALIGN (0x4)
                0x0000000008000c04                _etext = .

.vfp11_veneer   0x0000000008000c04        0x0
 .vfp11_veneer  0x0000000008000c04        0x0 linker stubs

.v4_bx          0x0000000008000c04        0x0
 .v4_bx         0x0000000008000c04        0x0 linker stubs

.iplt           0x0000000008000c04        0x0
 .iplt          0x0000000008000c04        0x0 c:/st/stm32cubeide_1.4.0/stm32cubeide/plugins/com.st.stm32cube.ide.mcu.externaltools.gnu-tools-for-stm32.10.3-2021.10.win32_1.0.0.202111181127/tools/bin/../lib/gcc/arm-none-eabi/10.3.1/thumb/v7-m/nofp/crtbegin.o

.rodata         0x0000000008000c04       0x28
                0x0000000008000c04                . = ALIGN (0x4)
 *(.rodata)
 .rodata        0x0000000008000c04       0x28 ./Src/main.o
 *(.rodata*)
                0x0000000008000c2c                . = ALIGN (0x4)

.rel.dyn        0x0000000008000c2c        0x0
 .rel.iplt      0x0000000008000c2c        0x0 c:/st/stm32cubeide_1.4.0/stm32cubeide/plugins/com.st.stm32cube.ide.mcu.externaltools.gnu-tools-for-stm32.10.3-2021.10.win32_1.0.0.202111181127/tools/bin/../lib/gcc/arm-none-eabi/10.3.1/thumb/v7-m/nofp/crtbegin.o

.ARM.extab      0x0000000008000c2c        0x0
                0x0000000008000c2c                . = ALIGN (0x4)
 *(.ARM.extab* .gnu.linkonce.armextab.*)
                0x0000000008000c2c                . = ALIGN (0x4)

.ARM            0x0000000008000c2c        0x0
                0x0000000008000c2c                . = ALIGN (0x4)
                0x0000000008000c2c                __exidx_start = .
 *(.ARM.exidx*)
                0x0000000008000c2c                __exidx_end = .
                0x0000000008000c2c                . = ALIGN (0x4)

.preinit_array  0x0000000008000c2c        0x0
                0x0000000008000c2c                . = ALIGN (0x4)
                0x0000000008000c2c                PROVIDE (__preinit_array_start = .)
 *(.preinit_array*)
                0x0000000008000c2c                PROVIDE (__preinit_array_end = .)
                0x0000000008000c2c                . = ALIGN (0x4)

.init_array     0x0000000008000c2c        0x4
                0x0000000008000c2c                . = ALIGN (0x4)
                0x0000000008000c2c                PROVIDE (__init_array_start = .)
 *(SORT_BY_NAME(.init_array.*))
 *(.init_array*)
 .init_array    0x0000000008000c2c        0x4 c:/st/stm32cubeide_1.4.0/stm32cubeide/plugins/com.st.stm32cube.ide.mcu.externaltools.gnu-tools-for-stm32.10.3-2021.10.win32_1.0.0.202111181127/tools/bin/../lib/gcc/arm-none-eabi/10.3.1/thumb/v7-m/nofp/crtbegin.o
                0x0000000008000c30                PROVIDE (__init_array_end = .)
                0x0000000008000c30                . = ALIGN (0x4)

.fini_array     0x0000000008000c30        0x4
                0x0000000008000c30                . = ALIGN (0x4)
                [!provide]                        PROVIDE (__fini_array_start = .)
 *(SORT_BY_NAME(.fini_array.*))
 *(.fini_array*)
 .fini_array    0x0000000008000c30        0x4 c:/st/stm32cubeide_1.4.0/stm32cubeide/plugins/com.st.stm32cube.ide.mcu.externaltools.gnu-tools-for-stm32.10.3-2021.10.win32_1.0.0.202111181127/tools/bin/../lib/gcc/arm-none-eabi/10.3.1/thumb/v7-m/nofp/crtbegin.o
                [!provide]                        PROVIDE (__fini_array_end = .)
                0x0000000008000c34                . = ALIGN (0x4)
                0x0000000008000c34                _sidata = LOADADDR (.data)

.data           0x0000000020000000        0x4 load address 0x0000000008000c34
                0x0000000020000000                . = ALIGN (0x4)
                0x0000000020000000                _sdata = .
 *(.data)
 *(.data*)
 .data.GPIO_A   0x0000000020000000        0x4 ./Src/main.o
                0x0000000020000000                GPIO_A
 *(.RamFunc)
 *(.RamFunc*)
                0x0000000020000004                . = ALIGN (0x4)
                0x0000000020000004                _edata = .

.igot.plt       0x0000000020000004        0x0 load address 0x0000000008000c38
 .igot.plt      0x0000000020000004        0x0 c:/st/stm32cubeide_1.4.0/stm32cubeide/plugins/com.st.stm32cube.ide.mcu.externaltools.gnu-tools-for-stm32.10.3-2021.10.win32_1.0.0.202111181127/tools/bin/../lib/gcc/arm-none-eabi/10.3.1/thumb/v7-m/nofp/crtbegin.o
                0x0000000020000004                . = ALIGN (0x4)

.bss            0x0000000020000004       0x84 load address 0x0000000008000c38
                0x0000000020000004                _sbss = .
                0x0000000020000004                __bss_start__ = _sbss
 *(.bss)
 .bss           0x0000000020000004       0x1c c:/st/stm32cubeide_1.4.0/stm32cubeide/plugins/com.st.stm32cube.ide.mcu.externaltools.gnu-tools-for-stm32.10.3-2021.10.win32_1.0.0.202111181127/tools/bin/../lib/gcc/arm-none-eabi/10.3.1/thumb/v7-m/nofp/crtbegin.o
 *(.bss*)
 .bss.GP_IRQ_CALL_BACK
                0x0000000020000020       0x3c ./STM32F103C6/EXTI.o
                0x0000000020000020                GP_IRQ_CALL_BACK
 .bss.PINA_0    0x000000002000005c        0x4 ./Src/main.o
                0x000000002000005c                PINA_0
 .bss.PINA_1    0x0000000020000060        0x4 ./Src/main.o
                0x0000000020000060                PINA_1
 .bss.PINA_2    0x0000000020000064        0x4 ./Src/main.o
                0x0000000020000064                PINA_2
 .bss.PINA_3    0x0000000020000068        0x4 ./Src/main.o
                0x0000000020000068                PINA_3
 .bss.PINA_4    0x000000002000006c        0x4 ./Src/main.o
                0x000000002000006c                PINA_4
 .bss.PINA_5    0x0000000020000070        0x4 ./Src/main.o
                0x0000000020000070                PINA_5
 .bss.PINA_6    0x0000000020000074        0x4 ./Src/main.o
                0x0000000020000074                PINA_6
 .bss.PINA_7    0x0000000020000078        0x4 ./Src/main.o
                0x0000000020000078                PINA_7
 .bss.PINA_8    0x000000002000007c        0x4 ./Src/main.o
                0x000000002000007c                PINA_8
 .bss.PINA_9    0x0000000020000080        0x4 ./Src/main.o
                0x0000000020000080                PINA_9
 .bss.PINA_10   0x0000000020000084        0x4 ./Src/main.o
                0x0000000020000084                PINA_10
 *(COMMON)
                0x0000000020000088                . = ALIGN (0x4)
                0x0000000020000088                _ebss = .
                0x0000000020000088                __bss_end__ = _ebss

._user_heap_stack
                0x0000000020000088      0x600 load address 0x0000000008000c38
                0x0000000020000088                . = ALIGN (0x8)
                [!provide]                        PROVIDE (end = .)
                0x0000000020000088                PROVIDE (_end = .)
                0x0000000020000288                . = (. + _Min_Heap_Size)
 *fill*         0x0000000020000088      0x200 
                0x0000000020000688                . = (. + _Min_Stack_Size)
 *fill*         0x0000000020000288      0x400 
                0x0000000020000688                . = ALIGN (0x8)

/DISCARD/
 libc.a(*)
 libm.a(*)
 libgcc.a(*)

.ARM.attributes
                0x0000000000000000       0x29
 *(.ARM.attributes)
 .ARM.attributes
                0x0000000000000000       0x1d c:/st/stm32cubeide_1.4.0/stm32cubeide/plugins/com.st.stm32cube.ide.mcu.externaltools.gnu-tools-for-stm32.10.3-2021.10.win32_1.0.0.202111181127/tools/bin/../lib/gcc/arm-none-eabi/10.3.1/thumb/v7-m/nofp/crti.o
 .ARM.attributes
                0x000000000000001d       0x2d c:/st/stm32cubeide_1.4.0/stm32cubeide/plugins/com.st.stm32cube.ide.mcu.externaltools.gnu-tools-for-stm32.10.3-2021.10.win32_1.0.0.202111181127/tools/bin/../lib/gcc/arm-none-eabi/10.3.1/thumb/v7-m/nofp/crtbegin.o
 .ARM.attributes
                0x000000000000004a       0x2d ./HAL/LCD_DRIVER/LCD_DRIVER.o
 .ARM.attributes
                0x0000000000000077       0x2d ./STM32F103C6/EXTI.o
 .ARM.attributes
                0x00000000000000a4       0x2d ./STM32F103C6/GPIO.o
 .ARM.attributes
                0x00000000000000d1       0x2d ./Src/main.o
 .ARM.attributes
                0x00000000000000fe       0x21 ./Startup/startup_stm32f103c6tx.o
 .ARM.attributes
                0x000000000000011f       0x2d c:/st/stm32cubeide_1.4.0/stm32cubeide/plugins/com.st.stm32cube.ide.mcu.externaltools.gnu-tools-for-stm32.10.3-2021.10.win32_1.0.0.202111181127/tools/bin/../lib/gcc/arm-none-eabi/10.3.1/../../../../arm-none-eabi/lib/thumb/v7-m/nofp\libc_nano.a(lib_a-init.o)
 .ARM.attributes
                0x000000000000014c       0x1d c:/st/stm32cubeide_1.4.0/stm32cubeide/plugins/com.st.stm32cube.ide.mcu.externaltools.gnu-tools-for-stm32.10.3-2021.10.win32_1.0.0.202111181127/tools/bin/../lib/gcc/arm-none-eabi/10.3.1/thumb/v7-m/nofp/crtn.o
OUTPUT(DRIVERS.elf elf32-littlearm)
LOAD linker stubs
LOAD c:/st/stm32cubeide_1.4.0/stm32cubeide/plugins/com.st.stm32cube.ide.mcu.externaltools.gnu-tools-for-stm32.10.3-2021.10.win32_1.0.0.202111181127/tools/bin/../lib/gcc/arm-none-eabi/10.3.1/../../../../arm-none-eabi/lib/thumb/v7-m/nofp\libc.a
LOAD c:/st/stm32cubeide_1.4.0/stm32cubeide/plugins/com.st.stm32cube.ide.mcu.externaltools.gnu-tools-for-stm32.10.3-2021.10.win32_1.0.0.202111181127/tools/bin/../lib/gcc/arm-none-eabi/10.3.1/../../../../arm-none-eabi/lib/thumb/v7-m/nofp\libm.a
LOAD c:/st/stm32cubeide_1.4.0/stm32cubeide/plugins/com.st.stm32cube.ide.mcu.externaltools.gnu-tools-for-stm32.10.3-2021.10.win32_1.0.0.202111181127/tools/bin/../lib/gcc/arm-none-eabi/10.3.1/thumb/v7-m/nofp\libgcc.a

.debug_info     0x0000000000000000     0x1326
 .debug_info    0x0000000000000000      0x365 ./HAL/LCD_DRIVER/LCD_DRIVER.o
 .debug_info    0x0000000000000365      0x55a ./STM32F103C6/EXTI.o
 .debug_info    0x00000000000008bf      0x48e ./STM32F103C6/GPIO.o
 .debug_info    0x0000000000000d4d      0x5b7 ./Src/main.o
 .debug_info    0x0000000000001304       0x22 ./Startup/startup_stm32f103c6tx.o

.debug_abbrev   0x0000000000000000      0x58d
 .debug_abbrev  0x0000000000000000      0x160 ./HAL/LCD_DRIVER/LCD_DRIVER.o
 .debug_abbrev  0x0000000000000160      0x1b2 ./STM32F103C6/EXTI.o
 .debug_abbrev  0x0000000000000312       0xfd ./STM32F103C6/GPIO.o
 .debug_abbrev  0x000000000000040f      0x16c ./Src/main.o
 .debug_abbrev  0x000000000000057b       0x12 ./Startup/startup_stm32f103c6tx.o

.debug_loc      0x0000000000000000      0x8fa
 .debug_loc     0x0000000000000000      0x20e ./HAL/LCD_DRIVER/LCD_DRIVER.o
 .debug_loc     0x000000000000020e      0x320 ./STM32F103C6/EXTI.o
 .debug_loc     0x000000000000052e      0x2e0 ./STM32F103C6/GPIO.o
 .debug_loc     0x000000000000080e       0xec ./Src/main.o

.debug_aranges  0x0000000000000000      0x188
 .debug_aranges
                0x0000000000000000       0x50 ./HAL/LCD_DRIVER/LCD_DRIVER.o
 .debug_aranges
                0x0000000000000050       0x80 ./STM32F103C6/EXTI.o
 .debug_aranges
                0x00000000000000d0       0x58 ./STM32F103C6/GPIO.o
 .debug_aranges
                0x0000000000000128       0x38 ./Src/main.o
 .debug_aranges
                0x0000000000000160       0x28 ./Startup/startup_stm32f103c6tx.o

.debug_ranges   0x0000000000000000      0x140
 .debug_ranges  0x0000000000000000       0x40 ./HAL/LCD_DRIVER/LCD_DRIVER.o
 .debug_ranges  0x0000000000000040       0x70 ./STM32F103C6/EXTI.o
 .debug_ranges  0x00000000000000b0       0x48 ./STM32F103C6/GPIO.o
 .debug_ranges  0x00000000000000f8       0x28 ./Src/main.o
 .debug_ranges  0x0000000000000120       0x20 ./Startup/startup_stm32f103c6tx.o

.debug_macro    0x0000000000000000      0xa2d
 .debug_macro   0x0000000000000000      0x165 ./HAL/LCD_DRIVER/LCD_DRIVER.o
 .debug_macro   0x0000000000000165       0xf4 ./HAL/LCD_DRIVER/LCD_DRIVER.o
 .debug_macro   0x0000000000000259      0x167 ./STM32F103C6/EXTI.o
 .debug_macro   0x00000000000003c0      0x22b ./STM32F103C6/EXTI.o
 .debug_macro   0x00000000000005eb      0x156 ./STM32F103C6/GPIO.o
 .debug_macro   0x0000000000000741      0x184 ./Src/main.o
 .debug_macro   0x00000000000008c5       0xfa ./Src/main.o
 .debug_macro   0x00000000000009bf       0x58 ./Src/main.o
 .debug_macro   0x0000000000000a17       0x16 ./Src/main.o

.debug_line     0x0000000000000000     0x1eda
 .debug_line    0x0000000000000000      0x73f ./HAL/LCD_DRIVER/LCD_DRIVER.o
 .debug_line    0x000000000000073f      0x948 ./STM32F103C6/EXTI.o
 .debug_line    0x0000000000001087      0x6d7 ./STM32F103C6/GPIO.o
 .debug_line    0x000000000000175e      0x6f8 ./Src/main.o
 .debug_line    0x0000000000001e56       0x84 ./Startup/startup_stm32f103c6tx.o

.debug_str      0x0000000000000000     0x9ea6
 .debug_str     0x0000000000000000     0x85d1 ./HAL/LCD_DRIVER/LCD_DRIVER.o
                                       0x87d7 (size before relaxing)
 .debug_str     0x00000000000085d1     0x15c0 ./STM32F103C6/EXTI.o
                                       0x98b0 (size before relaxing)
 .debug_str     0x0000000000009b91      0x128 ./STM32F103C6/GPIO.o
                                       0x8461 (size before relaxing)
 .debug_str     0x0000000000009cb9      0x1bc ./Src/main.o
                                       0x9d46 (size before relaxing)
 .debug_str     0x0000000000009e75       0x31 ./Startup/startup_stm32f103c6tx.o
                                         0x6b (size before relaxing)

.comment        0x0000000000000000       0x50
 .comment       0x0000000000000000       0x50 ./HAL/LCD_DRIVER/LCD_DRIVER.o
                                         0x51 (size before relaxing)
 .comment       0x0000000000000050       0x51 ./STM32F103C6/EXTI.o
 .comment       0x0000000000000050       0x51 ./STM32F103C6/GPIO.o
 .comment       0x0000000000000050       0x51 ./Src/main.o

.debug_frame    0x0000000000000000      0x4c8
 .debug_frame   0x0000000000000000      0x10c ./HAL/LCD_DRIVER/LCD_DRIVER.o
 .debug_frame   0x000000000000010c      0x1b0 ./STM32F103C6/EXTI.o
 .debug_frame   0x00000000000002bc      0x150 ./STM32F103C6/GPIO.o
 .debug_frame   0x000000000000040c       0x90 ./Src/main.o
 .debug_frame   0x000000000000049c       0x2c c:/st/stm32cubeide_1.4.0/stm32cubeide/plugins/com.st.stm32cube.ide.mcu.externaltools.gnu-tools-for-stm32.10.3-2021.10.win32_1.0.0.202111181127/tools/bin/../lib/gcc/arm-none-eabi/10.3.1/../../../../arm-none-eabi/lib/thumb/v7-m/nofp\libc_nano.a(lib_a-init.o)
