
Memory Configuration

Name             Origin             Length             Attributes
flash            0x08000000         0x00020000         xr
sram             0x20000000         0x00005000         xrw
*default*        0x00000000         0xffffffff

Linker script and memory map


.text           0x08000000       0xf4
 *(.vectors*)
 .vectors       0x08000000       0x44 startup.o
 *(.text*)
 .text          0x08000044       0xa8 app.o
                0x08000044                main
 .text          0x080000ec        0x8 startup.o

.data           0x080000f4        0x4
 .data          0x080000f4        0x4 app.o
                0x080000f4                R_ODR
 .data          0x080000f8        0x0 startup.o

.igot.plt       0x080000f8        0x0
 .igot.plt      0x00000000        0x0 app.o

.glue_7         0x080000f8        0x0
 .glue_7        0x00000000        0x0 linker stubs

.glue_7t        0x080000f8        0x0
 .glue_7t       0x00000000        0x0 linker stubs

.vfp11_veneer   0x080000f8        0x0
 .vfp11_veneer  0x00000000        0x0 linker stubs

.v4_bx          0x080000f8        0x0
 .v4_bx         0x00000000        0x0 linker stubs

.iplt           0x080000f8        0x0
 .iplt          0x00000000        0x0 app.o

.rel.dyn        0x080000f8        0x0
 .rel.iplt      0x00000000        0x0 app.o

.dss            0x20000000        0x0
 *(.bss*)
 .bss           0x20000000        0x0 app.o
 .bss           0x20000000        0x0 startup.o
LOAD app.o
LOAD startup.o
OUTPUT(learn_in_depth.elf elf32-littlearm)

.debug_info     0x00000000      0x186
 .debug_info    0x00000000      0x11f app.o
 .debug_info    0x0000011f       0x67 startup.o

.debug_abbrev   0x00000000       0xde
 .debug_abbrev  0x00000000       0xca app.o
 .debug_abbrev  0x000000ca       0x14 startup.o

.debug_loc      0x00000000       0x38
 .debug_loc     0x00000000       0x38 app.o

.debug_aranges  0x00000000       0x40
 .debug_aranges
                0x00000000       0x20 app.o
 .debug_aranges
                0x00000020       0x20 startup.o

.debug_line     0x00000000       0x9e
 .debug_line    0x00000000       0x63 app.o
 .debug_line    0x00000063       0x3b startup.o

.debug_str      0x00000000       0xdd
 .debug_str     0x00000000       0xdd app.o
                                 0xf6 (size before relaxing)

.comment        0x00000000       0x11
 .comment       0x00000000       0x11 app.o
                                 0x12 (size before relaxing)

.ARM.attributes
                0x00000000       0x31
 .ARM.attributes
                0x00000000       0x33 app.o
 .ARM.attributes
                0x00000033       0x21 startup.o

.debug_frame    0x00000000       0x2c
 .debug_frame   0x00000000       0x2c app.o
